[OK] prompt 对齐自检通过：末尾 '<|im_start|>assistant\n'，PREFIX 7129 字符 / SUFFIX 33 字符
[resume] 已完成 PMID = 0（将自动跳过）
[    16s] 完成 1  成功 1  失败 0  截断 0  三元组 3  | 0.06 req/s  14 out-tok/s
[    38s] 完成 6  成功 6  失败 0  截断 0  三元组 34  | 0.16 req/s  62 out-tok/s
[    58s] 完成 20  成功 20  失败 0  截断 0  三元组 161  | 0.35 req/s  206 out-tok/s
[    73s] 完成 25  成功 25  失败 0  截断 0  三元组 222  | 0.34 req/s  232 out-tok/s
[    89s] 完成 37  成功 37  失败 0  截断 0  三元组 355  | 0.42 req/s  309 out-tok/s
[   104s] 完成 45  成功 45  失败 0  截断 0  三元组 425  | 0.43 req/s  316 out-tok/s
[   125s] 完成 53  成功 53  失败 0  截断 0  三元组 517  | 0.42 req/s  320 out-tok/s
[   140s] 完成 59  成功 59  失败 0  截断 0  三元组 582  | 0.42 req/s  325 out-tok/s
[   156s] 完成 64  成功 64  失败 0  截断 0  三元组 648  | 0.41 req/s  329 out-tok/s
[   174s] 完成 71  成功 71  失败 0  截断 0  三元组 742  | 0.41 req/s  336 out-tok/s
[   189s] 完成 75  成功 75  失败 0  截断 0  三元组 799  | 0.40 req/s  334 out-tok/s
[   204s] 完成 82  成功 82  失败 0  截断 0  三元组 881  | 0.40 req/s  340 out-tok/s
[   227s] 完成 91  成功 91  失败 0  截断 0  三元组 1001  | 0.40 req/s  349 out-tok/s
[   248s] 完成 95  成功 95  失败 0  截断 0  三元组 1071  | 0.38 req/s  340 out-tok/s
[   264s] 完成 105  成功 105  失败 0  截断 5  三元组 1119  | 0.40 req/s  414 out-tok/s
[   279s] 完成 113  成功 113  失败 0  截断 5  三元组 1217  | 0.41 req/s  417 out-tok/s
[   295s] 完成 120  成功 120  失败 0  截断 5  三元组 1296  | 0.41 req/s  414 out-tok/s
[   310s] 完成 124  成功 124  失败 0  截断 5  三元组 1331  | 0.40 req/s  401 out-tok/s
[   325s] 完成 130  成功 130  失败 0  截断 5  三元组 1396  | 0.40 req/s  397 out-tok/s
[   342s] 完成 140  成功 140  失败 0  截断 6  三元组 1501  | 0.41 req/s  416 out-tok/s
[   359s] 完成 151  成功 151  失败 0  截断 6  三元组 1656  | 0.42 req/s  428 out-tok/s
[   375s] 完成 153  成功 153  失败 0  截断 7  三元组 1664  | 0.41 req/s  423 out-tok/s
[   392s] 完成 163  成功 163  失败 0  截断 7  三元组 1738  | 0.42 req/s  433 out-tok/s
[   408s] 完成 173  成功 173  失败 0  截断 7  三元组 1852  | 0.42 req/s  438 out-tok/s
[   472s] 完成 186  成功 186  失败 0  截断 7  三元组 1902  | 0.39 req/s  402 out-tok/s
[   504s] 完成 187  成功 187  失败 0  截断 8  三元组 1902  | 0.37 req/s  384 out-tok/s
[   522s] 完成 189  成功 189  失败 0  截断 10  三元组 1902  | 0.36 req/s  387 out-tok/s
[   553s] 完成 190  成功 190  失败 0  截断 11  三元组 1902  | 0.34 req/s  373 out-tok/s
[   575s] 完成 192  成功 192  失败 0  截断 13  三元组 1902  | 0.33 req/s  373 out-tok/s
[   597s] 完成 195  成功 195  失败 0  截断 16  三元组 1902  | 0.33 req/s  380 out-tok/s
[   614s] 完成 197  成功 197  失败 0  截断 18  三元组 1902  | 0.32 req/s  382 out-tok/s

===== 汇总 =====
用时           : 619.5s
成功/失败/截断 : 200 / 0 / 21
JSON 解析失败  : 31
三元组总数     : 1902  （平均 9.5 条/篇）
prompt/comp tok: 460501 / 247025
吞吐           : 0.323 篇/s  ・ 399 out-tok/s

[外推] 按当前 0.323 篇/s，剩余 684153 篇 ≈ 588.7 小时 （≈ 24.5 天）
