[OK] prompt 对齐自检通过：末尾 '<|im_start|>assistant\n'，PREFIX 7129 字符 / SUFFIX 33 字符
[resume] 已完成 PMID = 0（将自动跳过）
[    15s] 完成 1  成功 1  失败 0  截断 0  三元组 3  | 0.07 req/s  14 out-tok/s
[    38s] 完成 6  成功 6  失败 0  截断 0  三元组 34  | 0.16 req/s  63 out-tok/s
[    58s] 完成 20  成功 20  失败 0  截断 0  三元组 158  | 0.35 req/s  207 out-tok/s
[    73s] 完成 26  成功 26  失败 0  截断 0  三元组 230  | 0.36 req/s  247 out-tok/s
[    88s] 完成 37  成功 37  失败 0  截断 0  三元组 350  | 0.42 req/s  310 out-tok/s
[   104s] 完成 45  成功 45  失败 0  截断 0  三元组 420  | 0.43 req/s  317 out-tok/s
[   125s] 完成 53  成功 53  失败 0  截断 0  三元组 512  | 0.42 req/s  321 out-tok/s
[   140s] 完成 59  成功 59  失败 0  截断 0  三元组 576  | 0.42 req/s  326 out-tok/s
[   156s] 完成 64  成功 64  失败 0  截断 0  三元组 642  | 0.41 req/s  329 out-tok/s
[   173s] 完成 77  成功 77  失败 0  截断 5  三元组 809  | 0.44 req/s  412 out-tok/s
[   189s] 完成 85  成功 85  失败 0  截断 5  三元组 898  | 0.45 req/s  416 out-tok/s
[   205s] 完成 91  成功 91  失败 0  截断 5  三元组 979  | 0.44 req/s  414 out-tok/s
[   221s] 完成 102  成功 102  失败 0  截断 5  三元组 1115  | 0.46 req/s  430 out-tok/s
[   236s] 完成 110  成功 110  失败 0  截断 6  三元组 1222  | 0.47 req/s  445 out-tok/s
[   252s] 完成 118  成功 118  失败 0  截断 6  三元组 1324  | 0.47 req/s  446 out-tok/s
[   274s] 完成 125  成功 125  失败 0  截断 7  三元组 1401  | 0.46 req/s  443 out-tok/s
[   289s] 完成 133  成功 133  失败 0  截断 7  三元组 1481  | 0.46 req/s  441 out-tok/s
[   305s] 完成 141  成功 141  失败 0  截断 7  三元组 1582  | 0.46 req/s  444 out-tok/s
[   324s] 完成 150  成功 150  失败 0  截断 8  三元组 1701  | 0.46 req/s  454 out-tok/s
[   340s] 完成 156  成功 156  失败 0  截断 8  三元组 1770  | 0.46 req/s  449 out-tok/s
[   359s] 完成 167  成功 167  失败 0  截断 9  三元组 1887  | 0.46 req/s  452 out-tok/s
[   375s] 完成 174  成功 174  失败 0  截断 11  三元组 1966  | 0.46 req/s  456 out-tok/s
[   391s] 完成 182  成功 182  失败 0  截断 13  三元组 2060  | 0.47 req/s  461 out-tok/s
[   408s] 完成 186  成功 186  失败 0  截断 15  三元组 2121  | 0.46 req/s  462 out-tok/s
[   429s] 完成 187  成功 187  失败 0  截断 16  三元组 2141  | 0.44 req/s  444 out-tok/s
[   447s] 完成 190  成功 190  失败 0  截断 19  三元组 2186  | 0.42 req/s  444 out-tok/s
[   480s] 完成 193  成功 193  失败 0  截断 22  三元组 2226  | 0.40 req/s  429 out-tok/s
[   496s] 完成 200  成功 200  失败 0  截断 29  三元组 2275  | 0.40 req/s  451 out-tok/s

===== 汇总 =====
用时           : 496.3s
成功/失败/截断 : 200 / 0 / 29
JSON 解析失败  : 0
三元组总数     : 2275  （平均 11.4 条/篇）
prompt/comp tok: 460501 / 224035
吞吐           : 0.403 篇/s  ・ 451 out-tok/s

[外推] 按当前 0.403 篇/s，剩余 684153 篇 ≈ 471.6 小时 （≈ 19.7 天）
