[OK] prompt 对齐自检通过：末尾 '<|im_start|>assistant\n'，PREFIX 7129 字符 / SUFFIX 33 字符
[resume] 已完成 PMID = 0（将自动跳过）
[    17s] 完成 2  成功 2  失败 0  截断 0  三元组 8  | 0.11 req/s  29 out-tok/s
[    33s] 完成 6  成功 6  失败 0  截断 0  三元组 31  | 0.18 req/s  67 out-tok/s
[    58s] 完成 15  成功 15  失败 0  截断 0  三元组 115  | 0.26 req/s  148 out-tok/s
[    74s] 完成 21  成功 21  失败 0  截断 0  三元组 186  | 0.28 req/s  191 out-tok/s
[    90s] 完成 27  成功 27  失败 0  截断 0  三元组 258  | 0.30 req/s  216 out-tok/s
[   105s] 完成 33  成功 33  失败 0  截断 0  三元组 336  | 0.32 req/s  248 out-tok/s
[   127s] 完成 41  成功 41  失败 0  截断 0  三元组 405  | 0.32 req/s  254 out-tok/s
[   143s] 完成 46  成功 46  失败 0  截断 0  三元组 453  | 0.32 req/s  250 out-tok/s
[   159s] 完成 51  成功 51  失败 0  截断 0  三元组 508  | 0.32 req/s  253 out-tok/s
[   179s] 完成 57  成功 57  失败 0  截断 1  三元组 550  | 0.32 req/s  276 out-tok/s
[   196s] 完成 66  成功 66  失败 0  截断 4  三元组 614  | 0.34 req/s  326 out-tok/s
[   211s] 完成 70  成功 70  失败 0  截断 4  三元组 675  | 0.33 req/s  323 out-tok/s
[   227s] 完成 75  成功 75  失败 0  截断 4  三元组 741  | 0.33 req/s  323 out-tok/s
[   244s] 完成 80  成功 80  失败 0  截断 5  三元组 782  | 0.33 req/s  326 out-tok/s
[   259s] 完成 88  成功 88  失败 0  截断 5  三元组 867  | 0.34 req/s  341 out-tok/s
[   279s] 完成 96  成功 96  失败 0  截断 5  三元组 970  | 0.34 req/s  344 out-tok/s
[   294s] 完成 103  成功 103  失败 0  截断 6  三元组 1017  | 0.35 req/s  358 out-tok/s
[   314s] 完成 110  成功 110  失败 0  截断 6  三元组 1107  | 0.35 req/s  356 out-tok/s
[   333s] 完成 120  成功 120  失败 0  截断 6  三元组 1229  | 0.36 req/s  362 out-tok/s
[   354s] 完成 124  成功 124  失败 0  截断 8  三元组 1243  | 0.35 req/s  361 out-tok/s
[   369s] 完成 129  成功 129  失败 0  截断 8  三元组 1299  | 0.35 req/s  358 out-tok/s
[   386s] 完成 137  成功 137  失败 0  截断 8  三元组 1414  | 0.36 req/s  365 out-tok/s
[   410s] 完成 146  成功 146  失败 0  截断 8  三元组 1534  | 0.36 req/s  366 out-tok/s
[   425s] 完成 151  成功 151  失败 0  截断 8  三元组 1576  | 0.36 req/s  366 out-tok/s
[   442s] 完成 156  成功 156  失败 0  截断 8  三元组 1621  | 0.35 req/s  366 out-tok/s
[   462s] 完成 164  成功 164  失败 0  截断 8  三元组 1710  | 0.35 req/s  365 out-tok/s
[   478s] 完成 173  成功 173  失败 0  截断 9  三元组 1777  | 0.36 req/s  375 out-tok/s
[   494s] 完成 179  成功 179  失败 0  截断 9  三元组 1859  | 0.36 req/s  376 out-tok/s
[   515s] 完成 187  成功 187  失败 0  截断 10  三元组 1927  | 0.36 req/s  377 out-tok/s
[   532s] 完成 192  成功 192  失败 0  截断 10  三元组 1978  | 0.36 req/s  372 out-tok/s
[   547s] 完成 197  成功 197  失败 0  截断 10  三元组 2067  | 0.36 req/s  373 out-tok/s
[   564s] 完成 204  成功 204  失败 0  截断 11  三元组 2130  | 0.36 req/s  376 out-tok/s
[   579s] 完成 212  成功 212  失败 0  截断 12  三元组 2201  | 0.37 req/s  383 out-tok/s
[   600s] 完成 217  成功 217  失败 0  截断 12  三元组 2257  | 0.36 req/s  377 out-tok/s
[   616s] 完成 223  成功 223  失败 0  截断 13  三元组 2312  | 0.36 req/s  379 out-tok/s
[   635s] 完成 232  成功 232  失败 0  截断 13  三元组 2424  | 0.37 req/s  381 out-tok/s
[   654s] 完成 239  成功 239  失败 0  截断 14  三元组 2487  | 0.37 req/s  383 out-tok/s
[   669s] 完成 243  成功 243  失败 0  截断 14  三元组 2527  | 0.36 req/s  382 out-tok/s
[   685s] 完成 250  成功 250  失败 0  截断 14  三元组 2603  | 0.37 req/s  381 out-tok/s
[   704s] 完成 259  成功 259  失败 0  截断 15  三元组 2699  | 0.37 req/s  390 out-tok/s
[   720s] 完成 265  成功 265  失败 0  截断 15  三元组 2748  | 0.37 req/s  386 out-tok/s
[   737s] 完成 271  成功 271  失败 0  截断 15  三元组 2821  | 0.37 req/s  385 out-tok/s
[   753s] 完成 276  成功 276  失败 0  截断 16  三元组 2862  | 0.37 req/s  386 out-tok/s
[   770s] 完成 281  成功 281  失败 0  截断 16  三元组 2907  | 0.37 req/s  382 out-tok/s
[   787s] 完成 283  成功 283  失败 0  截断 16  三元组 2907  | 0.36 req/s  376 out-tok/s
[   803s] 完成 285  成功 285  失败 0  截断 17  三元组 2907  | 0.35 req/s  374 out-tok/s
[   849s] 完成 288  成功 288  失败 0  截断 19  三元组 2935  | 0.34 req/s  362 out-tok/s
[   870s] 完成 292  成功 292  失败 0  截断 23  三元组 2935  | 0.34 req/s  368 out-tok/s
[   887s] 完成 296  成功 296  失败 0  截断 27  三元组 2935  | 0.33 req/s  374 out-tok/s

===== 汇总 =====
用时           : 901.8s
成功/失败/截断 : 300 / 0 / 31
JSON 解析失败  : 43
三元组总数     : 2935  （平均 9.8 条/篇）
prompt/comp tok: 692516 / 344423
吞吐           : 0.333 篇/s  ・ 382 out-tok/s

[外推] 按当前 0.333 篇/s，剩余 684153 篇 ≈ 571.3 小时 （≈ 23.8 天）
