[rec 06-24 06:54:49] 编排启动：等待主推理结束（done>=684153 或 vllm_extract 会话退出）
[rec 06-26 03:13:20] 主推理监工已退出(done=684149)，视为主推理结束
[rec 06-26 03:13:20] 进入截断补尾（concurrency=16, max_tokens=6144, temp=0.5, --apply）
[rec 06-26 03:13:20] 启动 06 补尾（recovered=0 / truncated=69068）
[OK] prompt 对齐自检通过(末尾 <|im_start|>assistant)
[load] 截断 69068 | 已补尾 0 | 本次待处理 69068
[    16s] 补尾 4/69068  净增三元组 4  失败 0  0.24 篇/s
[    52s] 补尾 6/69068  净增三元组 4  失败 0  0.12 篇/s
[   343s] 补尾 7/69068  净增三元组 4  失败 0  0.02 篇/s
[   361s] 补尾 15/69068  净增三元组 5  失败 0  0.04 篇/s
[   392s] 补尾 17/69068  净增三元组 18  失败 0  0.04 篇/s
[   429s] 补尾 18/69068  净增三元组 18  失败 0  0.04 篇/s
[   462s] 补尾 19/69068  净增三元组 18  失败 0  0.04 篇/s
[   488s] 补尾 20/69068  净增三元组 18  失败 0  0.04 篇/s
[   512s] 补尾 21/69068  净增三元组 18  失败 0  0.04 篇/s
[   540s] 补尾 23/69068  净增三元组 18  失败 0  0.04 篇/s
[   559s] 补尾 24/69068  净增三元组 18  失败 0  0.04 篇/s
[   577s] 补尾 26/69068  净增三元组 18  失败 0  0.05 篇/s
[   619s] 补尾 27/69068  净增三元组 18  失败 0  0.04 篇/s
[   717s] 补尾 28/69068  净增三元组 18  失败 0  0.04 篇/s
[   737s] 补尾 33/69068  净增三元组 18  失败 0  0.04 篇/s
[   759s] 补尾 34/69068  净增三元组 18  失败 0  0.04 篇/s
[   806s] 补尾 37/69068  净增三元组 18  失败 0  0.05 篇/s
[   852s] 补尾 38/69068  净增三元组 18  失败 0  0.04 篇/s
[   906s] 补尾 39/69068  净增三元组 18  失败 0  0.04 篇/s
[   939s] 补尾 40/69068  净增三元组 18  失败 0  0.04 篇/s
[   968s] 补尾 41/69068  净增三元组 18  失败 0  0.04 篇/s
[   997s] 补尾 42/69068  净增三元组 18  失败 0  0.04 篇/s
[  1019s] 补尾 43/69068  净增三元组 18  失败 0  0.04 篇/s
[  1037s] 补尾 44/69068  净增三元组 18  失败 0  0.04 篇/s
[  1062s] 补尾 45/69068  净增三元组 18  失败 0  0.04 篇/s
[  1084s] 补尾 46/69068  净增三元组 18  失败 0  0.04 篇/s
[  1123s] 补尾 49/69068  净增三元组 18  失败 0  0.04 篇/s
[  1199s] 补尾 50/69068  净增三元组 18  失败 0  0.04 篇/s
[  1271s] 补尾 51/69068  净增三元组 18  失败 0  0.04 篇/s
[  1303s] 补尾 52/69068  净增三元组 18  失败 0  0.04 篇/s
[  1352s] 补尾 53/69068  净增三元组 18  失败 0  0.04 篇/s
[  1372s] 补尾 54/69068  净增三元组 18  失败 0  0.04 篇/s
[  1389s] 补尾 58/69068  净增三元组 18  失败 0  0.04 篇/s
[  1442s] 补尾 63/69068  净增三元组 22  失败 0  0.04 篇/s
[  1468s] 补尾 64/69068  净增三元组 22  失败 0  0.04 篇/s
[  1530s] 补尾 65/69068  净增三元组 22  失败 0  0.04 篇/s
[  1602s] 补尾 66/69068  净增三元组 22  失败 0  0.04 篇/s
[  1629s] 补尾 67/69068  净增三元组 22  失败 0  0.04 篇/s
[  1649s] 补尾 68/69068  净增三元组 22  失败 0  0.04 篇/s
[  1689s] 补尾 69/69068  净增三元组 22  失败 0  0.04 篇/s
[  1733s] 补尾 70/69068  净增三元组 22  失败 0  0.04 篇/s
[  1764s] 补尾 75/69068  净增三元组 22  失败 0  0.04 篇/s
[  1808s] 补尾 76/69068  净增三元组 22  失败 0  0.04 篇/s
[  1883s] 补尾 77/69068  净增三元组 22  失败 0  0.04 篇/s
[  1950s] 补尾 78/69068  净增三元组 22  失败 0  0.04 篇/s
[  1988s] 补尾 79/69068  净增三元组 22  失败 0  0.04 篇/s
[  2061s] 补尾 80/69068  净增三元组 22  失败 0  0.04 篇/s
[  2088s] 补尾 81/69068  净增三元组 22  失败 0  0.04 篇/s
[  2110s] 补尾 90/69068  净增三元组 26  失败 0  0.04 篇/s
[  2203s] 补尾 91/69068  净增三元组 26  失败 0  0.04 篇/s
[  2267s] 补尾 92/69068  净增三元组 26  失败 0  0.04 篇/s
[  2304s] 补尾 93/69068  净增三元组 26  失败 0  0.04 篇/s
[  2343s] 补尾 94/69068  净增三元组 26  失败 0  0.04 篇/s
[  2444s] 补尾 95/69068  净增三元组 26  失败 0  0.04 篇/s
[  2462s] 补尾 104/69068  净增三元组 42  失败 0  0.04 篇/s
[  2487s] 补尾 105/69068  净增三元组 42  失败 0  0.04 篇/s
[  2547s] 补尾 106/69068  净增三元组 42  失败 0  0.04 篇/s
[  2621s] 补尾 107/69068  净增三元组 42  失败 0  0.04 篇/s
[  2671s] 补尾 108/69068  净增三元组 42  失败 0  0.04 篇/s
[  2695s] 补尾 109/69068  净增三元组 42  失败 0  0.04 篇/s
[  2804s] 补尾 110/69068  净增三元组 42  失败 0  0.04 篇/s
[  2819s] 补尾 119/69068  净增三元组 43  失败 0  0.04 篇/s
[  2850s] 补尾 121/69068  净增三元组 43  失败 0  0.04 篇/s
[  2910s] 补尾 122/69068  净增三元组 43  失败 0  0.04 篇/s
[  2989s] 补尾 123/69068  净增三元组 43  失败 0  0.04 篇/s
[  3035s] 补尾 124/69068  净增三元组 43  失败 0  0.04 篇/s
[  3069s] 补尾 125/69068  净增三元组 43  失败 0  0.04 篇/s
[  3132s] 补尾 126/69068  净增三元组 43  失败 0  0.04 篇/s
[  3164s] 补尾 127/69068  净增三元组 43  失败 0  0.04 篇/s
[  3182s] 补尾 134/69068  净增三元组 45  失败 0  0.04 篇/s
[  3292s] 补尾 136/69068  净增三元组 45  失败 0  0.04 篇/s
[  3372s] 补尾 137/69068  净增三元组 45  失败 0  0.04 篇/s
[  3393s] 补尾 138/69068  净增三元组 45  失败 0  0.04 篇/s
[  3431s] 补尾 139/69068  净增三元组 45  失败 0  0.04 篇/s
[  3492s] 补尾 140/69068  净增三元组 45  失败 0  0.04 篇/s
[  3521s] 补尾 141/69068  净增三元组 45  失败 0  0.04 篇/s
[  3540s] 补尾 148/69068  净增三元组 45  失败 0  0.04 篇/s
[  3559s] 补尾 151/69068  净增三元组 53  失败 0  0.04 篇/s
[  3669s] 补尾 153/69068  净增三元组 53  失败 0  0.04 篇/s
[  3732s] 补尾 154/69068  净增三元组 53  失败 0  0.04 篇/s
[  3765s] 补尾 155/69068  净增三元组 53  失败 0  0.04 篇/s
[  3782s] 补尾 156/69068  净增三元组 53  失败 0  0.04 篇/s
[  3874s] 补尾 157/69068  净增三元组 53  失败 0  0.04 篇/s
[  3890s] 补尾 166/69068  净增三元组 61  失败 0  0.04 篇/s
[  3946s] 补尾 169/69068  净增三元组 61  失败 0  0.04 篇/s
[  4039s] 补尾 170/69068  净增三元组 61  失败 0  0.04 篇/s
[  4092s] 补尾 171/69068  净增三元组 61  失败 0  0.04 篇/s
[  4128s] 补尾 172/69068  净增三元组 61  失败 0  0.04 篇/s
[  4170s] 补尾 173/69068  净增三元组 61  失败 0  0.04 篇/s
[  4238s] 补尾 174/69068  净增三元组 61  失败 0  0.04 篇/s
[  4259s] 补尾 182/69068  净增三元组 73  失败 0  0.04 篇/s
[  4328s] 补尾 183/69068  净增三元组 74  失败 0  0.04 篇/s
[  4421s] 补尾 184/69068  净增三元组 74  失败 0  0.04 篇/s
[  4465s] 补尾 185/69068  净增三元组 74  失败 0  0.04 篇/s
[  4491s] 补尾 186/69068  净增三元组 74  失败 0  0.04 篇/s
[  4540s] 补尾 187/69068  净增三元组 76  失败 0  0.04 篇/s
[  4595s] 补尾 188/69068  净增三元组 76  失败 0  0.04 篇/s
[  4612s] 补尾 197/69068  净增三元组 79  失败 0  0.04 篇/s
[  4695s] 补尾 199/69068  净增三元组 79  失败 0  0.04 篇/s
[  4785s] 补尾 200/69068  净增三元组 79  失败 0  0.04 篇/s
[  4822s] 补尾 201/69068  净增三元组 79  失败 0  0.04 篇/s
[  4842s] 补尾 202/69068  净增三元组 79  失败 0  0.04 篇/s
[  4913s] 补尾 203/69068  净增三元组 79  失败 0  0.04 篇/s
[  4952s] 补尾 204/69068  净增三元组 79  失败 0  0.04 篇/s
[  4969s] 补尾 212/69068  净增三元组 79  失败 0  0.04 篇/s
[  5072s] 补尾 213/69068  净增三元组 79  失败 0  0.04 篇/s
[  5148s] 补尾 214/69068  净增三元组 79  失败 0  0.04 篇/s
[  5182s] 补尾 215/69068  净增三元组 79  失败 0  0.04 篇/s
[  5203s] 补尾 216/69068  净增三元组 79  失败 0  0.04 篇/s
[  5279s] 补尾 217/69068  净增三元组 79  失败 0  0.04 篇/s
[  5309s] 补尾 218/69068  净增三元组 79  失败 0  0.04 篇/s
[  5338s] 补尾 227/69068  净增三元组 84  失败 0  0.04 篇/s
[  5390s] 补尾 228/69068  净增三元组 84  失败 0  0.04 篇/s
[  5437s] 补尾 229/69068  净增三元组 84  失败 0  0.04 篇/s
[  5503s] 补尾 230/69068  净增三元组 84  失败 0  0.04 篇/s
[  5539s] 补尾 231/69068  净增三元组 84  失败 0  0.04 篇/s
[  5563s] 补尾 232/69068  净增三元组 84  失败 0  0.04 篇/s
[  5655s] 补尾 233/69068  净增三元组 84  失败 0  0.04 篇/s
[  5673s] 补尾 240/69068  净增三元组 93  失败 0  0.04 篇/s
[  5692s] 补尾 244/69068  净增三元组 93  失败 0  0.04 篇/s
[  5711s] 补尾 245/69068  净增三元组 93  失败 0  0.04 篇/s
[  5801s] 补尾 246/69068  净增三元组 93  失败 0  0.04 篇/s
[  5865s] 补尾 247/69068  净增三元组 93  失败 0  0.04 篇/s
[  5915s] 补尾 248/69068  净增三元组 93  失败 0  0.04 篇/s
[  5976s] 补尾 249/69068  净增三元组 93  失败 0  0.04 篇/s
[  6012s] 补尾 250/69068  净增三元组 93  失败 0  0.04 篇/s
[  6028s] 补尾 255/69068  净增三元组 94  失败 0  0.04 篇/s
[  6050s] 补尾 258/69068  净增三元组 94  失败 0  0.04 篇/s
[  6102s] 补尾 259/69068  净增三元组 94  失败 0  0.04 篇/s
[  6191s] 补尾 260/69068  净增三元组 94  失败 0  0.04 篇/s
[  6230s] 补尾 261/69068  净增三元组 94  失败 0  0.04 篇/s
[  6265s] 补尾 262/69068  净增三元组 94  失败 0  0.04 篇/s
[  6298s] 补尾 263/69068  净增三元组 94  失败 0  0.04 篇/s
[  6373s] 补尾 264/69068  净增三元组 94  失败 0  0.04 篇/s
[  6399s] 补尾 271/69068  净增三元组 97  失败 0  0.04 篇/s
[  6431s] 补尾 272/69068  净增三元组 97  失败 0  0.04 篇/s
[  6548s] 补尾 274/69068  净增三元组 97  失败 0  0.04 篇/s
[  6612s] 补尾 275/69068  净增三元组 97  失败 0  0.04 篇/s
[  6643s] 补尾 276/69068  净增三元组 97  失败 0  0.04 篇/s
[  6696s] 补尾 277/69068  净增三元组 97  失败 0  0.04 篇/s
[  6738s] 补尾 278/69068  净增三元组 97  失败 0  0.04 篇/s
[  6755s] 补尾 286/69068  净增三元组 100  失败 0  0.04 篇/s
[  6776s] 补尾 288/69068  净增三元组 102  失败 0  0.04 篇/s
[  6859s] 补尾 289/69068  净增三元组 102  失败 0  0.04 篇/s
[  6933s] 补尾 290/69068  净增三元组 102  失败 0  0.04 篇/s
[  6969s] 补尾 291/69068  净增三元组 102  失败 0  0.04 篇/s
[  7013s] 补尾 292/69068  净增三元组 102  失败 0  0.04 篇/s
[  7034s] 补尾 293/69068  净增三元组 102  失败 0  0.04 篇/s
[  7095s] 补尾 294/69068  净增三元组 102  失败 0  0.04 篇/s
[  7111s] 补尾 300/69068  净增三元组 105  失败 0  0.04 篇/s
[  7128s] 补尾 301/69068  净增三元组 105  失败 0  0.04 篇/s
[  7146s] 补尾 302/69068  净增三元组 105  失败 0  0.04 篇/s
[  7220s] 补尾 303/69068  净增三元组 105  失败 0  0.04 篇/s
[  7296s] 补尾 304/69068  净增三元组 105  失败 0  0.04 篇/s
[  7333s] 补尾 305/69068  净增三元组 105  失败 0  0.04 篇/s
[  7362s] 补尾 306/69068  净增三元组 105  失败 0  0.04 篇/s
[  7438s] 补尾 307/69068  净增三元组 105  失败 0  0.04 篇/s
[  7459s] 补尾 314/69068  净增三元组 105  失败 0  0.04 篇/s
[  7513s] 补尾 317/69068  净增三元组 112  失败 0  0.04 篇/s
[  7614s] 补尾 318/69068  净增三元组 112  失败 0  0.04 篇/s
[  7669s] 补尾 319/69068  净增三元组 112  失败 0  0.04 篇/s
[  7703s] 补尾 320/69068  净增三元组 112  失败 0  0.04 篇/s
[  7736s] 补尾 321/69068  净增三元组 112  失败 0  0.04 篇/s
[  7798s] 补尾 322/69068  净增三元组 112  失败 0  0.04 篇/s
[  7816s] 补尾 328/69068  净增三元组 113  失败 0  0.04 篇/s
[  7835s] 补尾 329/69068  净增三元组 113  失败 0  0.04 篇/s
[  7868s] 补尾 330/69068  净增三元组 113  失败 0  0.04 篇/s
[  7893s] 补尾 331/69068  净增三元组 113  失败 0  0.04 篇/s
[  7998s] 补尾 332/69068  净增三元组 113  失败 0  0.04 篇/s
[  8043s] 补尾 333/69068  净增三元组 113  失败 0  0.04 篇/s
[  8064s] 补尾 334/69068  净增三元组 113  失败 0  0.04 篇/s
[  8109s] 补尾 335/69068  净增三元组 113  失败 0  0.04 篇/s
[  8167s] 补尾 336/69068  净增三元组 113  失败 0  0.04 篇/s
[  8193s] 补尾 343/69068  净增三元组 114  失败 0  0.04 篇/s
[  8295s] 补尾 346/69068  净增三元组 115  失败 0  0.04 篇/s
[  8369s] 补尾 348/69068  净增三元组 115  失败 0  0.04 篇/s
[  8412s] 补尾 349/69068  净增三元组 115  失败 0  0.04 篇/s
[  8451s] 补尾 350/69068  净增三元组 115  失败 0  0.04 篇/s
[  8481s] 补尾 351/69068  净增三元组 115  失败 0  0.04 篇/s
[  8525s] 补尾 352/69068  净增三元组 115  失败 0  0.04 篇/s
[  8541s] 补尾 358/69068  净增三元组 117  失败 0  0.04 篇/s
[  8560s] 补尾 361/69068  净增三元组 118  失败 0  0.04 篇/s
[  8660s] 补尾 362/69068  净增三元组 118  失败 0  0.04 篇/s
[  8740s] 补尾 363/69068  净增三元组 118  失败 0  0.04 篇/s
[  8762s] 补尾 364/69068  净增三元组 118  失败 0  0.04 篇/s
[  8787s] 补尾 365/69068  净增三元组 118  失败 0  0.04 篇/s
[  8871s] 补尾 366/69068  净增三元组 118  失败 0  0.04 篇/s
[  8892s] 补尾 373/69068  净增三元组 118  失败 0  0.04 篇/s
[  8943s] 补尾 374/69068  净增三元组 118  失败 0  0.04 篇/s
[  9035s] 补尾 375/69068  净增三元组 118  失败 0  0.04 篇/s
[  9092s] 补尾 376/69068  净增三元组 118  失败 0  0.04 篇/s
[  9130s] 补尾 377/69068  净增三元组 118  失败 0  0.04 篇/s
[  9150s] 补尾 378/69068  净增三元组 118  失败 0  0.04 篇/s
[  9232s] 补尾 379/69068  净增三元组 118  失败 0  0.04 篇/s
[  9249s] 补尾 387/69068  净增三元组 119  失败 0  0.04 篇/s
[  9265s] 补尾 389/69068  净增三元组 119  失败 0  0.04 篇/s
[  9303s] 补尾 392/69068  净增三元组 119  失败 0  0.04 篇/s
[  9395s] 补尾 393/69068  净增三元组 119  失败 0  0.04 篇/s
[  9450s] 补尾 394/69068  净增三元组 119  失败 0  0.04 篇/s
[  9484s] 补尾 395/69068  净增三元组 119  失败 0  0.04 篇/s
[  9539s] 补尾 396/69068  净增三元组 119  失败 0  0.04 篇/s
[  9596s] 补尾 397/69068  净增三元组 122  失败 0  0.04 篇/s
[  9617s] 补尾 407/69068  净增三元组 125  失败 0  0.04 篇/s
[  9654s] 补尾 410/69068  净增三元组 127  失败 0  0.04 篇/s
[  9685s] 补尾 411/69068  净增三元组 127  失败 0  0.04 篇/s
[  9785s] 补尾 412/69068  净增三元组 127  失败 0  0.04 篇/s
[  9830s] 补尾 413/69068  净增三元组 128  失败 0  0.04 篇/s
[  9952s] 补尾 414/69068  净增三元组 128  失败 0  0.04 篇/s
[  9970s] 补尾 423/69068  净增三元组 129  失败 0  0.04 篇/s
[ 10004s] 补尾 425/69068  净增三元组 129  失败 0  0.04 篇/s
[ 10042s] 补尾 426/69068  净增三元组 129  失败 0  0.04 篇/s
[ 10095s] 补尾 427/69068  净增三元组 129  失败 0  0.04 篇/s
[ 10153s] 补尾 428/69068  净增三元组 129  失败 0  0.04 篇/s
[ 10185s] 补尾 429/69068  净增三元组 129  失败 0  0.04 篇/s
[ 10222s] 补尾 430/69068  净增三元组 129  失败 0  0.04 篇/s
[ 10259s] 补尾 431/69068  净增三元组 129  失败 0  0.04 篇/s
[ 10315s] 补尾 432/69068  净增三元组 129  失败 0  0.04 篇/s
[ 10333s] 补尾 441/69068  净增三元组 132  失败 0  0.04 篇/s
[ 10351s] 补尾 444/69068  净增三元组 132  失败 0  0.04 篇/s
[ 10390s] 补尾 445/69068  净增三元组 132  失败 0  0.04 篇/s
[ 10423s] 补尾 446/69068  净增三元组 132  失败 0  0.04 篇/s
[ 10443s] 补尾 447/69068  净增三元组 132  失败 0  0.04 篇/s
[ 10528s] 补尾 448/69068  净增三元组 132  失败 0  0.04 篇/s
[ 10668s] 补尾 449/69068  净增三元组 132  失败 0  0.04 篇/s
[ 10687s] 补尾 459/69068  净增三元组 134  失败 0  0.04 篇/s
[ 10707s] 补尾 461/69068  净增三元组 134  失败 0  0.04 篇/s
[ 10726s] 补尾 463/69068  净增三元组 134  失败 0  0.04 篇/s
[ 10761s] 补尾 464/69068  净增三元组 134  失败 0  0.04 篇/s
[ 10796s] 补尾 465/69068  净增三元组 134  失败 0  0.04 篇/s
[ 10837s] 补尾 466/69068  净增三元组 134  失败 0  0.04 篇/s
[ 10881s] 补尾 467/69068  净增三元组 134  失败 0  0.04 篇/s
[ 10933s] 补尾 468/69068  净增三元组 134  失败 0  0.04 篇/s
[ 10972s] 补尾 469/69068  净增三元组 134  失败 0  0.04 篇/s
[ 11032s] 补尾 470/69068  净增三元组 134  失败 0  0.04 篇/s
[ 11049s] 补尾 477/69068  净增三元组 140  失败 0  0.04 篇/s
[ 11139s] 补尾 480/69068  净增三元组 141  失败 0  0.04 篇/s
[ 11240s] 补尾 481/69068  净增三元组 141  失败 0  0.04 篇/s
[ 11295s] 补尾 482/69068  净增三元组 141  失败 0  0.04 篇/s
[ 11342s] 补尾 483/69068  净增三元组 141  失败 0  0.04 篇/s
[ 11371s] 补尾 484/69068  净增三元组 141  失败 0  0.04 篇/s
[ 11388s] 补尾 485/69068  净增三元组 141  失败 0  0.04 篇/s
[ 11404s] 补尾 491/69068  净增三元组 141  失败 0  0.04 篇/s
[ 11481s] 补尾 492/69068  净增三元组 141  失败 0  0.04 篇/s
[ 11545s] 补尾 493/69068  净增三元组 141  失败 0  0.04 篇/s
[ 11563s] 补尾 494/69068  净增三元组 141  失败 0  0.04 篇/s
[ 11599s] 补尾 495/69068  净增三元组 141  失败 0  0.04 篇/s
[ 11614s] 补尾 496/69068  净增三元组 141  失败 0  0.04 篇/s
[ 11716s] 补尾 498/69068  净增三元组 141  失败 0  0.04 篇/s
[ 11749s] 补尾 499/69068  净增三元组 141  失败 0  0.04 篇/s
[ 11814s] 补尾 507/69068  净增三元组 142  失败 0  0.04 篇/s
[ 11836s] 补尾 508/69068  净增三元组 143  失败 0  0.04 篇/s
[ 11903s] 补尾 509/69068  净增三元组 143  失败 0  0.04 篇/s
[ 11958s] 补尾 510/69068  净增三元组 143  失败 0  0.04 篇/s
[ 12049s] 补尾 511/69068  净增三元组 143  失败 0  0.04 篇/s
